// Jest Snapshot v1, https://goo.gl/fbAQLP

exports[`Index Page matches the snapshot 1`] = `
<div
  className="container"
  data-test="component-index-page"
>
  <h1>
    Jotto
  </h1>
  <Congrats
    success={true}
  />
  <GuessedWords
    guessedWords={
      Array [
        Object {
          "guessedWord": "train",
          "letterMatchCount": 3,
        },
        Object {
          "guessedWord": "agile",
          "letterMatchCount": 1,
        },
        Object {
          "guessedWord": "party",
          "letterMatchCount": 5,
        },
      ]
    }
  />
</div>
`;
